// Jest Snapshot v1, https://goo.gl/fbAQLP

exports[`test question renders correctly 1`] = `
<View
  style={
    Object {
      "backgroundColor": "#ffffff",
      "borderColor": "black",
      "borderRadius": 8,
      "borderWidth": 1,
      "marginLeft": 16,
      "marginRight": 16,
      "paddingBottom": 8,
      "paddingLeft": 8,
      "paddingTop": 8,
    }
  }
>
  <Text
    style={
      Object {
        "color": "#000000",
      }
    }
  >
    test
  </Text>
  <View
    style={
      Object {
        "flexDirection": "row",
      }
    }
  >
    <View
      accessible={true}
      focusable={true}
      isTVSelectable={true}
      onClick={[Function]}
      onResponderGrant={[Function]}
      onResponderMove={[Function]}
      onResponderRelease={[Function]}
      onResponderTerminate={[Function]}
      onResponderTerminationRequest={[Function]}
      onStartShouldSetResponder={[Function]}
      style={
        Object {
          "margin": 5,
          "marginLeft": 10,
          "marginRight": 10,
          "opacity": 1,
          "padding": 10,
        }
      }
      testID="checkbox"
    >
      <View
        style={
          Object {
            "alignItems": "center",
            "flexDirection": "row",
          }
        }
      >
        <Text />
      </View>
    </View>
    <Text
      style={
        Array [
          Object {
            "color": "#000000",
            "marginTop": 18,
          },
          null,
        ]
      }
    >
      true
    </Text>
  </View>
  <View
    style={
      Object {
        "flexDirection": "row",
      }
    }
  >
    <View
      accessible={true}
      focusable={true}
      isTVSelectable={true}
      onClick={[Function]}
      onResponderGrant={[Function]}
      onResponderMove={[Function]}
      onResponderRelease={[Function]}
      onResponderTerminate={[Function]}
      onResponderTerminationRequest={[Function]}
      onStartShouldSetResponder={[Function]}
      style={
        Object {
          "margin": 5,
          "marginLeft": 10,
          "marginRight": 10,
          "opacity": 1,
          "padding": 10,
        }
      }
      testID="checkbox"
    >
      <View
        style={
          Object {
            "alignItems": "center",
            "flexDirection": "row",
          }
        }
      >
        <Text />
      </View>
    </View>
    <Text
      style={
        Array [
          Object {
            "color": "#000000",
            "marginTop": 18,
          },
          null,
        ]
      }
    >
      false
    </Text>
  </View>
  <View
    style={
      Object {
        "flexDirection": "row",
      }
    }
  >
    <View
      accessible={true}
      focusable={true}
      isTVSelectable={true}
      onClick={[Function]}
      onResponderGrant={[Function]}
      onResponderMove={[Function]}
      onResponderRelease={[Function]}
      onResponderTerminate={[Function]}
      onResponderTerminationRequest={[Function]}
      onStartShouldSetResponder={[Function]}
      style={
        Object {
          "margin": 5,
          "marginLeft": 10,
          "marginRight": 10,
          "opacity": 1,
          "padding": 10,
        }
      }
      testID="checkbox"
    >
      <View
        style={
          Object {
            "alignItems": "center",
            "flexDirection": "row",
          }
        }
      >
        <Text />
      </View>
    </View>
    <Text
      style={
        Array [
          Object {
            "color": "#000000",
            "marginTop": 18,
          },
          null,
        ]
      }
    >
      false
    </Text>
  </View>
  <View
    style={
      Object {
        "flexDirection": "row",
        "justifyContent": "flex-end",
        "width": "100%",
      }
    }
  >
    <View>
      <View
        accessible={true}
        focusable={true}
        isTVSelectable={true}
        onClick={[Function]}
        onResponderGrant={[Function]}
        onResponderMove={[Function]}
        onResponderRelease={[Function]}
        onResponderTerminate={[Function]}
        onResponderTerminationRequest={[Function]}
        onStartShouldSetResponder={[Function]}
        style={
          Object {
            "alignItems": "center",
            "backgroundColor": "transparent",
            "justifyContent": "center",
          }
        }
      >
        <Text />
      </View>
    </View>
    <View>
      <View
        accessible={true}
        focusable={true}
        isTVSelectable={true}
        onClick={[Function]}
        onResponderGrant={[Function]}
        onResponderMove={[Function]}
        onResponderRelease={[Function]}
        onResponderTerminate={[Function]}
        onResponderTerminationRequest={[Function]}
        onStartShouldSetResponder={[Function]}
        style={
          Object {
            "alignItems": "center",
            "backgroundColor": "transparent",
            "justifyContent": "center",
          }
        }
      >
        <Text />
      </View>
    </View>
  </View>
</View>
`;
